- Level 0

Basic usage of dir and cat

Output:

bandit0@bandit:~$ dir
readme
bandit0@bandit:~$ cat readme
Congratulations on your first steps into the bandit game!!
Please make sure you have read the rules at https://overthewire.org/rules/
If you are following a course, workshop, walkthrough or other educational activity,
please inform the instructor about the rules as well and encourage them to
contribute to the OverTheWire community so we can keep these games free!

The password you are looking for is: ZjLjTmM6FvvyRnrb2rfNWOZOTa6ip5If
____________

connect to bandit1 now with given password


- Level 1

Had to read contents of the file named "-" in the root directory. Tricky, but completed it

Output:

bandit1@bandit:~$ dir
-
bandit1@bandit:~$ cat -


^C
bandit1@bandit:~$ nano 0
Unable to create directory /home/bandit1/.local/share/nano/: No such file or directory
It is required for saving/loading search history or cursor positions.

bandit1@bandit:~$ nano -
Reading data from keyboard; type ^D or ^D^D to finish.
Unable to create directory /home/bandit1/.local/share/nano/: No such file or directory
It is required for saving/loading search history or cursor positions.

bandit1@bandit:~$ cat "-"
^C
bandit1@bandit:~$ cat ./-
263JGJPfgU6LtdEvgfWU1XP5yac29mFx
____________

connect to bandit2 with the new password


- Level 2

Had to read contents of a file which had spaces in its name. Bypassed it with using quotations
so that the path is a string for it to navigate to

Output:

bandit2@bandit:~$ dir
--spaces in this filename--
bandit2@bandit:~$ cat "--spaces in this filename--"
cat: unrecognized option '--spaces in this filename--'
Try 'cat --help' for more information.
bandit2@bandit:~$ cat "./--spaces in this filename--"
MNk8KNH3Usiio41PRUEoDFPqfxLPlSmx
____________

connect to bandit3 with new password


- Level 3

File was hidden in the inhere directory, used the -a flag of dir to list all hidden files in the directory
Can also use the "find" command in the directory of the file.
find <directory>
or 
find    (finds all files in the current directory)

Output:

bandit3@bandit:~$ dir
inhere
bandit3@bandit:~$ dir inhere
bandit3@bandit:~$ dir -a inhere
.  ..  ...Hiding-From-You
bandit3@bandit:~$ cat "./inhere/...Hiding-From-You"
2WmrDFRmJIq3IPxneAaMGhap0pFhF3NJ
bandit3@bandit:~$
____________

connect to bandit4 with new password


- Level 4

Had to find the text in the only human readable file among multiple files inside the inhere directory

Output:

bandit4@bandit:~$ dir
inhere
bandit4@bandit:~$ cd inhere
bandit4@bandit:~/inhere$ file
Usage: file [-bcCdEhikLlNnprsSvzZ0] [--apple] [--extension] [--mime-encoding]
            [--mime-type] [-e <testname>] [-F <separator>]  [-f <namefile>]
            [-m <magicfiles>] [-P <parameter=value>] [--exclude-quiet]
            <file> ...
       file -C [-m <magicfiles>]
       file [--help]
bandit4@bandit:~/inhere$ find
.
./-file02
./-file04
./-file08
./-file00
./-file07
./-file06
./-file01
./-file03
./-file05
./-file09
bandit4@bandit:~/inhere$ file ./*
./-file00: data
./-file01: data
./-file02: data
./-file03: data
./-file04: data
./-file05: data
./-file06: data
./-file07: ASCII text
./-file08: data
./-file09: data
bandit4@bandit:~/inhere$ cat ./-file07
4oQYVPkxZOOEOO5pTW81FB8j8lxXGUQw
____________

connect to bandit5 with given password


- Level 5

Had to find password from a bunch of files, constraints where the password file was 1033 bytes and non executable
also Human readable

used find command with its flags

Output:

bandit5@bandit:~$ dir
inhere
bandit5@bandit:~$ cd inhere
bandit5@bandit:~/inhere$ dir
maybehere00  maybehere02  maybehere04  maybehere06  maybehere08  maybehere10  maybehere12  maybehere14  maybehere16  maybehere18
maybehere01  maybehere03  maybehere05  maybehere07  maybehere09  maybehere11  maybehere13  maybehere15  maybehere17  maybehere19
bandit5@bandit:~/inhere$ find . -type f -size 1033c
./maybehere07/.file2
bandit5@bandit:~/inhere$ cat ./maybehere07/.file2
HWasnPhtq9AVKe0dmk45nxy20cvUa6EG
                                                                                                                                                                                                                                                                                                                                                                                                                                                                                                                                                                                                                                                                                                                                                                                                                                                                                                                                                                                                                                        bandit5@bandit:~/inhere$
bandit5@bandit:~/inhere$
____________

connect to bandit6 with given password


- Level 6

Had new concepts such as how a file can be owned by a user as well as a group. Had to find a file from a random
location on the server where the file was owned by group bandit6, owned by user bandit7, is exactly 33 bytes.
Used find with user and group flags, also "2>&1" to redirect the stderr stream into the stdout stream for proper
grep handling and giving me exactly which files to look for.

Output:

bandit6@bandit:~$ find / -size 33c -user bandit7 -group bandit6 2>&1 | grep "Permission denied" -v
find: ‘/proc/99/task/99/fd/6’: No such file or directory
find: ‘/proc/99/task/99/fdinfo/6’: No such file or directory
find: ‘/proc/99/fd/5’: No such file or directory
find: ‘/proc/99/fdinfo/5’: No such file or directory
/var/lib/dpkg/info/bandit7.password
bandit6@bandit:~$ cat /var/lib/dpkg/info/bandit7.password
morbNTDkSW6jIlUc0ymOdMaLnOlFVAaj

Another way is to use the /dev/null "Linux void" to just filter out the stderr stream entirely

Output:

bandit6@bandit:~$ find / -size 33c -user bandit7 -group bandit6 2>/dev/null
/var/lib/dpkg/info/bandit7.password
bandit6@bandit:~$
____________

connect to bandit7 with given password


- Level 7

Had to find the password, which was near the word "millionth" inside a very large text file.
Used grep to get the line out

Output:

bandit7@bandit:~$ dir
data.txt
bandit7@bandit:~$ grep "millionth" data.txt
millionth       dfwvzFQi4mU0wfNbFOe9RoWskMLg7eEc
____________

connect to bandit8 with given password


- Level 8

The password is the string occurring only once in the data.txt file
Used uniq and sort command, Had to sort first because uniq wont work unless
the duplicate lines are next to each other.

Output:

bandit8@bandit:~$ dir
data.txt
bandit8@bandit:~$ du data.txt
36      data.txt
bandit8@bandit:~$ sort data.txt | uniq -u
4CKMh1JI91bUIZZPXDqGanal4xvAg0JM
____________

connect to bandit9 with the given password


- Level 9

Password was one of the few human readable lines in the file data.txt
Used strings to print it out and grep to show only the lines with trailing "=" symbols

Output:

bandit9@bandit:~$ dir
data.txt
bandit9@bandit:~$ strings data.txt | grep "=="
========== the
========== password
E========== is
5========== FGUW5ilLVJrxX9kMYMmlN4MgbpfMiqey
____________

connect to bandit10 with the given password


- Level 10

Password was in base64 format inside data.txt file
Had to decode it to get the password
Note: Encryption is not the same as Encoding, Encoded things can be decoded by anyone,
meanwhile Decrypting can only be done by users with the key. Encoding is usually used for
data transportation like images to other systems which are text based, after which they 
can be decoded

Output:

bandit10@bandit:~$ dir
data.txt
bandit10@bandit:~$ cat data.txt
VGhlIHBhc3N3b3JkIGlzIGR0UjE3M2ZaS2IwUlJzREZTR3NnMlJXbnBOVmozcVJyCg==
bandit10@bandit:~$ base64 -d data.txt
The password is dtR173fZKb0RRsDFSGsg2RWnpNVj3qRr
____________

connect to bandit11 with the given password


- Level 11

The file was encrypted using Caesar cipher (Normal shift cipher) where key was 13
Used the tr command to solve the cipher

Output:

bandit11@bandit:~$ dir
data.txt
bandit11@bandit:~$ cat data.txt
Gur cnffjbeq vf 7k16JArUVv5LxVuJfsSVdbbtaHGlw9D4
bandit11@bandit:~$ cat data.txt | tr 'A-Za-z' 'N-ZA-Mn-za-m'
The password is 7x16WNeHIi5YkIhWsfFIqoognUTyj9Q4
____________

connect to bandit12 with the given password


- Level 12

This was an actual hurdle, Had to slowly chip away at it while making sure i do not
mess up any steps, file was a hexdump, which had to be repeatedly unzipped in various
formats, to finally receive the password file

Output:

bandit12@bandit:~$ dir
data.txt
bandit12@bandit:~$ mktemp -d
/tmp/tmp.lcmOy1ykNP
bandit12@bandit:~$ cp data.txt /tmp/tmp.lcmOy1ykNP/data.txt
bandit12@bandit:~$ cat /tmp/tmp.lcmOy1ykNP/data.txt
00000000: 1f8b 0808 2817 ee68 0203 6461 7461 322e  ....(..h..data2.
00000010: 6269 6e00 013c 02c3 fd42 5a68 3931 4159  bin..<...BZh91AY
00000020: 2653 59cc 46b5 2d00 0018 ffff da5f e6e3  &SY.F.-......_..
00000030: 9fcd f59d bc69 ddd7 f7ff a7e7 dbdd b59f  .....i..........
00000040: fff7 cfdd ffbf bbdf ffff ff5e b001 3b58  ...........^..;X
00000050: 2406 8000 00d0 6834 6234 d000 6869 9000  $.....h4b4..hi..
00000060: 1a7a 8003 40d0 01a1 a006 8188 340d 1a68  .z..@.......4..h
00000070: d340 d189 e906 8f41 0346 4d94 40d1 91a0  .@.....A.FM.@...
00000080: 681a 0681 a068 0680 c400 3207 a269 a189  h....h....2..i..
00000090: a326 8000 c800 c81a 1883 1000 00d0 c023  .&.............#
000000a0: 4311 a034 30ca 6800 0680 0681 a680 6868  C..40.h.......hh
000000b0: d068 6868 c04c d400 0003 4d06 87a8 d000  .hhh.L....M.....
000000c0: 3086 8c20 3268 068d 000c 9a64 0698 8d04  0.. 2h.....d....
000000d0: 0600 6860 3541 2c85 c8e1 7bc9 479e e369  ..h`5A,...{.G..i
000000e0: 30a1 0250 82e9 64ef 9d40 312f 4bc8 b00f  0..P..d..@1/K...
000000f0: 0c8f 026c d5ca 1008 d7aa 336a ed8f bb7b  ...l......3j...{
00000100: b43f d544 1658 824e a4af 9ce5 612e 8a27  .?.D.X.N....a..'
00000110: c303 0512 cbff dccd f42d 6866 ceec 8127  .........-hf...'
00000120: 5475 ed39 100b f897 7828 46e2 fdf3 efa7  Tu.9....x(F.....
00000130: 43b0 1701 a114 397a 1d81 8d1f 1f23 2ada  C.....9z.....#*.
00000140: 9b18 ee4d d05d 4ae3 d032 e494 ae98 27b0  ...M.]J..2....'.
00000150: 30a0 533c 6696 60ad c546 70c4 322b 7174  0.S<f.`..Fp.2+qt
00000160: 8bb1 52c6 ed0a 267b 7165 208b 77fe 1294  ..R...&{qe .w...
00000170: 2280 3311 354f c68e e004 93e3 abf4 5a0a  ".3.5O........Z.
00000180: a568 c894 27c2 9015 49bb 0147 c253 8e73  .h..'...I..G.S.s
00000190: 2fdd 90e1 6871 c692 1d67 5ebc a5f9 b8a1  /...hq...g^.....
000001a0: 3913 f073 1919 b628 9ae2 c1bf 15ee 493a  9..s...(......I:
000001b0: e375 4d23 71e0 4934 c7a2 15ff 985c a0ba  .uM#q.I4.....\..
000001c0: 9e65 d613 313d 7cef 512a 32bf 835e 50d6  .e..1=|.Q*2..^P.
000001d0: a54f 57ba bceb 6944 03c8 8a50 3542 9140  .OW...iD...P5B.@
000001e0: eb51 0f4c 8a23 9401 0246 0457 d1c0 c33e  .Q.L.#...F.W...>
000001f0: c328 2de7 3d1d 64be 4190 36b0 b803 4f80  .(-.=.d.A.6...O.
00000200: 40bc 3960 ac5e 13a9 3a77 0162 d662 7659  @.9`.^..:w.b.bvY
00000210: fdfd 9535 1188 8588 e8e5 a78d 9b24 c066  ...5.........$.f
00000220: 91c6 4212 fac6 4ed8 ce48 161f cc44 215f  ..B...N..H...D!_
00000230: 330c 5ed7 2709 e578 6efd 3775 c703 8aa1  3.^.'..xn.7u....
00000240: 10b6 2c5d 16bf f352 c7ff c5dc 914e 1424  ..,]...R.....N.$
00000250: 3311 ad4b 40d0 18b2 373c 0200 00         3..K@...7<...
bandit12@bandit:~$ cat /tmp/tmp.lcmOy1ykNP/data.txt | xxd -r > /tmp/tmp.lcmOy1ykNP/data
bandit12@bandit:~$ dir /tmp/tmp.lcmOy1ykNP
data  data.txt
bandit12@bandit:~$ file /tmp/tmp.lcmOy1ykNP/data
/tmp/tmp.lcmOy1ykNP/data: gzip compressed data, was "data2.bin", last modified: Tue Oct 14 09:26:00 2025, max compression, from Unix, original size modulo 2^32 572
bandit12@bandit:~$ mv /tmp/tmp.lcmOy1ykNP/data /tmp/tmp.lcmOy1ykNP/data.gz
bandit12@bandit:~$ gzip -d /tmp/tmp.lcmOy1ykNP/data.gz
bandit12@bandit:~$ file /tmp/tmp.lcmOy1ykNP/data
/tmp/tmp.lcmOy1ykNP/data: bzip2 compressed data, block size = 900k
bandit12@bandit:~$ bzip2 -d /tmp/tmp.lcmOy1ykNP/data
bzip2: Can't guess original name for /tmp/tmp.lcmOy1ykNP/data -- using /tmp/tmp.lcmOy1ykNP/data.out
bandit12@bandit:~$ dir /tmp/tmp.lcmOy1ykNP/
data.out  data.txt
bandit12@bandit:~$ file /tmp/tmp.lcmOy1ykNP/data.out
/tmp/tmp.lcmOy1ykNP/data.out: gzip compressed data, was "data4.bin", last modified: Tue Oct 14 09:26:00 2025, max compression, from Unix, original size modulo 2^32 20480
bandit12@bandit:~$ mv /tmp/tmp.lcmOy1ykNP/data.out /tmp/tmp.lcmOy1ykNP/data.gz
bandit12@bandit:~$ gzip -d /tmp/tmp.lcmOy1ykNP/data.gz
bandit12@bandit:~$ file data
data: cannot open `data' (No such file or directory)
bandit12@bandit:~$ file /tmp/tmp.lcmOy1ykNP/data
/tmp/tmp.lcmOy1ykNP/data: POSIX tar archive (GNU)
bandit12@bandit:~$ dir /tmp/tmp.lcmOy1ykNP/
data  data.txt
bandit12@bandit:~$ mv /tmp/tmp.lcmOy1ykNP/data /tmp/tmp.lcmOy1ykNP/data.tar
bandit12@bandit:~$ tar -xf /tmp/tmp.lcmOy1ykNP/data.tar
tar: data5.bin: Cannot open: Permission denied
tar: Exiting with failure status due to previous errors
bandit12@bandit:~$ cd /tmp/tmp.lcmOy1ykNP/
bandit12@bandit:/tmp/tmp.lcmOy1ykNP$ tar -xf /tmp/tmp.lcmOy1ykNP/data.tar
bandit12@bandit:/tmp/tmp.lcmOy1ykNP$ dir
data5.bin  data.tar  data.txt
bandit12@bandit:/tmp/tmp.lcmOy1ykNP$ file data5.bin
data5.bin: POSIX tar archive (GNU)
bandit12@bandit:/tmp/tmp.lcmOy1ykNP$ tar -xf /tmp/tmp.lcmOy1ykNP/data5.bin
bandit12@bandit:/tmp/tmp.lcmOy1ykNP$ dir
data5.bin  data6.bin  data.tar  data.txt
bandit12@bandit:/tmp/tmp.lcmOy1ykNP$ file data6.bin
data6.bin: bzip2 compressed data, block size = 900k
bandit12@bandit:/tmp/tmp.lcmOy1ykNP$ bunzip2 data6.bin
bunzip2: Can't guess original name for data6.bin -- using data6.bin.out
bandit12@bandit:/tmp/tmp.lcmOy1ykNP$ file data6.bin.out
data6.bin.out: POSIX tar archive (GNU)
bandit12@bandit:/tmp/tmp.lcmOy1ykNP$ tar -xf /tmp/tmp.lcmOy1ykNP/data6.bin.out
bandit12@bandit:/tmp/tmp.lcmOy1ykNP$ dir
data5.bin  data6.bin.out  data8.bin  data.tar  data.txt
bandit12@bandit:/tmp/tmp.lcmOy1ykNP$ file data8.bin
data8.bin: gzip compressed data, was "data9.bin", last modified: Tue Oct 14 09:26:00 2025, max compression, from Unix, original size modulo 2^32 49
bandit12@bandit:/tmp/tmp.lcmOy1ykNP$ mv data8.bin data8.gz
bandit12@bandit:/tmp/tmp.lcmOy1ykNP$ gunzip data8.gz
bandit12@bandit:/tmp/tmp.lcmOy1ykNP$ dir
data5.bin  data6.bin.out  data8  data.tar  data.txt
bandit12@bandit:/tmp/tmp.lcmOy1ykNP$ file data8
data8: ASCII text
bandit12@bandit:/tmp/tmp.lcmOy1ykNP$ cat data8
The password is FO5dwFsc0cbaIiH0h8J2eUks2vdTDwAn
____________

connect to bandit13 with given password


- Level 13
