- Level 0

Basic usage of dir and cat

Output:

bandit0@bandit:~$ dir
readme
bandit0@bandit:~$ cat readme
Congratulations on your first steps into the bandit game!!
Please make sure you have read the rules at https://overthewire.org/rules/
If you are following a course, workshop, walkthrough or other educational activity,
please inform the instructor about the rules as well and encourage them to
contribute to the OverTheWire community so we can keep these games free!

The password you are looking for is: ZjLjTmM6FvvyRnrb2rfNWOZOTa6ip5If
____________

connect to bandit1 now with given password


- Level 1

Had to read contents of the file named "-" in the root directory. Tricky, but completed it

Output:

bandit1@bandit:~$ dir
-
bandit1@bandit:~$ cat -
^C
bandit1@bandit:~$ cat "-"
^C
bandit1@bandit:~$ cat ./-
263JGJPfgU6LtdEvgfWU1XP5yac29mFx
____________

connect to bandit2 with the new password


- Level 2

Had to read contents of a file which had spaces in its name. Bypassed it with using quotations
so that the path is a string for it to navigate to

Output:

bandit2@bandit:~$ dir
--spaces in this filename--
bandit2@bandit:~$ cat "--spaces in this filename--"
cat: unrecognized option '--spaces in this filename--'
Try 'cat --help' for more information.
bandit2@bandit:~$ cat "./--spaces in this filename--"
MNk8KNH3Usiio41PRUEoDFPqfxLPlSmx
____________

connect to bandit3 with new password


- Level 3

File was hidden in the inhere directory, used the -a flag of dir to list all hidden files in the directory
Can also use the "find" command in the directory of the file.
find <directory>
or 
find    (finds all files in the current directory)

Output:

bandit3@bandit:~$ dir
inhere
bandit3@bandit:~$ dir inhere
bandit3@bandit:~$ dir -a inhere
.  ..  ...Hiding-From-You
bandit3@bandit:~$ cat "./inhere/...Hiding-From-You"
2WmrDFRmJIq3IPxneAaMGhap0pFhF3NJ
bandit3@bandit:~$
____________

connect to bandit4 with new password


- Level 4

Had to find the text in the only human readable file among multiple files inside the inhere directory

Output:

bandit4@bandit:~$ dir
inhere
bandit4@bandit:~$ cd inhere
bandit4@bandit:~/inhere$ file
Usage: file [-bcCdEhikLlNnprsSvzZ0] [--apple] [--extension] [--mime-encoding]
            [--mime-type] [-e <testname>] [-F <separator>]  [-f <namefile>]
            [-m <magicfiles>] [-P <parameter=value>] [--exclude-quiet]
            <file> ...
       file -C [-m <magicfiles>]
       file [--help]
bandit4@bandit:~/inhere$ find
.
./-file02
./-file04
./-file08
./-file00
./-file07
./-file06
./-file01
./-file03
./-file05
./-file09
bandit4@bandit:~/inhere$ file ./*
./-file00: data
./-file01: data
./-file02: data
./-file03: data
./-file04: data
./-file05: data
./-file06: data
./-file07: ASCII text
./-file08: data
./-file09: data
bandit4@bandit:~/inhere$ cat ./-file07
4oQYVPkxZOOEOO5pTW81FB8j8lxXGUQw
____________

connect to bandit5 with given password


- Level 5

Had to find password from a bunch of files, constraints where the password file was 1033 bytes and non executable
also Human readable

used find command with its flags

Output:

bandit5@bandit:~$ dir
inhere
bandit5@bandit:~$ cd inhere
bandit5@bandit:~/inhere$ dir
maybehere00  maybehere02  maybehere04  maybehere06  maybehere08  maybehere10  maybehere12  maybehere14  maybehere16  maybehere18
maybehere01  maybehere03  maybehere05  maybehere07  maybehere09  maybehere11  maybehere13  maybehere15  maybehere17  maybehere19
bandit5@bandit:~/inhere$ find . -type f -size 1033c
./maybehere07/.file2
bandit5@bandit:~/inhere$ cat ./maybehere07/.file2
HWasnPhtq9AVKe0dmk45nxy20cvUa6EG
                                                                                                                                                                                                                                                                                                                                                                                                                                                                                                                                                                                                                                                                                                                                                                                                                                                                                                                                                                                                                                        bandit5@bandit:~/inhere$
bandit5@bandit:~/inhere$
____________

connect to bandit6 with given password


- Level 6

Had new concepts such as how a file can be owned by a user as well as a group. Had to find a file from a random
location on the server where the file was owned by group bandit6, owned by user bandit7, is exactly 33 bytes.
Used find with user and group flags, also "2>&1" to redirect the stderr stream into the stdout stream for proper
grep handling and giving me exactly which files to look for.

Output:

bandit6@bandit:~$ find / -size 33c -user bandit7 -group bandit6 2>&1 | grep "Permission denied" -v
find: ‘/proc/99/task/99/fd/6’: No such file or directory
find: ‘/proc/99/task/99/fdinfo/6’: No such file or directory
find: ‘/proc/99/fd/5’: No such file or directory
find: ‘/proc/99/fdinfo/5’: No such file or directory
/var/lib/dpkg/info/bandit7.password
bandit6@bandit:~$ cat /var/lib/dpkg/info/bandit7.password
morbNTDkSW6jIlUc0ymOdMaLnOlFVAaj

Another way is to use the /dev/null "Linux void" to just filter out the stderr stream entirely

Output:

bandit6@bandit:~$ find / -size 33c -user bandit7 -group bandit6 2>/dev/null
/var/lib/dpkg/info/bandit7.password
bandit6@bandit:~$
____________

connect to bandit7 with given password


- Level 7

Had to find the password, which was near the word "millionth" inside a very large text file.
Used grep to get the line out

Output:

bandit7@bandit:~$ dir
data.txt
bandit7@bandit:~$ grep "millionth" data.txt
millionth       dfwvzFQi4mU0wfNbFOe9RoWskMLg7eEc
____________

connect to bandit8 with given password


- Level 8

The password is the string occurring only once in the data.txt file
Used uniq and sort command, Had to sort first because uniq wont work unless
the duplicate lines are next to each other.

Output:

bandit8@bandit:~$ dir
data.txt
bandit8@bandit:~$ du data.txt
36      data.txt
bandit8@bandit:~$ sort data.txt | uniq -u
4CKMh1JI91bUIZZPXDqGanal4xvAg0JM
____________

connect to bandit9 with the given password


- Level 9

Password was one of the few human readable lines in the file data.txt
Used strings to print it out and grep to show only the lines with trailing "=" symbols

Output:

bandit9@bandit:~$ dir
data.txt
bandit9@bandit:~$ strings data.txt | grep "=="
========== the
========== password
E========== is
5========== FGUW5ilLVJrxX9kMYMmlN4MgbpfMiqey
____________

connect to bandit10 with the given password


- Level 10

Password was in base64 format inside data.txt file
Had to decode it to get the password
Note: Encryption is not the same as Encoding, Encoded things can be decoded by anyone,
meanwhile Decrypting can only be done by users with the key. Encoding is usually used for
data transportation like images to other systems which are text based, after which they 
can be decoded

Output:

bandit10@bandit:~$ dir
data.txt
bandit10@bandit:~$ cat data.txt
VGhlIHBhc3N3b3JkIGlzIGR0UjE3M2ZaS2IwUlJzREZTR3NnMlJXbnBOVmozcVJyCg==
bandit10@bandit:~$ base64 -d data.txt
The password is dtR173fZKb0RRsDFSGsg2RWnpNVj3qRr
____________

connect to bandit11 with the given password


- Level 11

The file was encrypted using Caesar cipher (Normal shift cipher) where key was 13
Used the tr command to solve the cipher

Output:

bandit11@bandit:~$ dir
data.txt
bandit11@bandit:~$ cat data.txt
Gur cnffjbeq vf 7k16JArUVv5LxVuJfsSVdbbtaHGlw9D4
bandit11@bandit:~$ cat data.txt | tr 'A-Za-z' 'N-ZA-Mn-za-m'
The password is 7x16WNeHIi5YkIhWsfFIqoognUTyj9Q4
____________

connect to bandit12 with the given password


- Level 12

This was an actual hurdle, Had to slowly chip away at it while making sure i do not
mess up any steps, file was a hexdump, which had to be repeatedly unzipped in various
formats, to finally receive the password file

Output:

bandit12@bandit:~$ dir
data.txt
bandit12@bandit:~$ mktemp -d
/tmp/tmp.lcmOy1ykNP
bandit12@bandit:~$ cp data.txt /tmp/tmp.lcmOy1ykNP/data.txt
bandit12@bandit:~$ cat /tmp/tmp.lcmOy1ykNP/data.txt
00000000: 1f8b 0808 2817 ee68 0203 6461 7461 322e  ....(..h..data2.
00000010: 6269 6e00 013c 02c3 fd42 5a68 3931 4159  bin..<...BZh91AY
00000020: 2653 59cc 46b5 2d00 0018 ffff da5f e6e3  &SY.F.-......_..
00000030: 9fcd f59d bc69 ddd7 f7ff a7e7 dbdd b59f  .....i..........
00000040: fff7 cfdd ffbf bbdf ffff ff5e b001 3b58  ...........^..;X
00000050: 2406 8000 00d0 6834 6234 d000 6869 9000  $.....h4b4..hi..
00000060: 1a7a 8003 40d0 01a1 a006 8188 340d 1a68  .z..@.......4..h
00000070: d340 d189 e906 8f41 0346 4d94 40d1 91a0  .@.....A.FM.@...
00000080: 681a 0681 a068 0680 c400 3207 a269 a189  h....h....2..i..
00000090: a326 8000 c800 c81a 1883 1000 00d0 c023  .&.............#
000000a0: 4311 a034 30ca 6800 0680 0681 a680 6868  C..40.h.......hh
000000b0: d068 6868 c04c d400 0003 4d06 87a8 d000  .hhh.L....M.....
000000c0: 3086 8c20 3268 068d 000c 9a64 0698 8d04  0.. 2h.....d....
000000d0: 0600 6860 3541 2c85 c8e1 7bc9 479e e369  ..h`5A,...{.G..i
000000e0: 30a1 0250 82e9 64ef 9d40 312f 4bc8 b00f  0..P..d..@1/K...
000000f0: 0c8f 026c d5ca 1008 d7aa 336a ed8f bb7b  ...l......3j...{
00000100: b43f d544 1658 824e a4af 9ce5 612e 8a27  .?.D.X.N....a..'
00000110: c303 0512 cbff dccd f42d 6866 ceec 8127  .........-hf...'
00000120: 5475 ed39 100b f897 7828 46e2 fdf3 efa7  Tu.9....x(F.....
00000130: 43b0 1701 a114 397a 1d81 8d1f 1f23 2ada  C.....9z.....#*.
00000140: 9b18 ee4d d05d 4ae3 d032 e494 ae98 27b0  ...M.]J..2....'.
00000150: 30a0 533c 6696 60ad c546 70c4 322b 7174  0.S<f.`..Fp.2+qt
00000160: 8bb1 52c6 ed0a 267b 7165 208b 77fe 1294  ..R...&{qe .w...
00000170: 2280 3311 354f c68e e004 93e3 abf4 5a0a  ".3.5O........Z.
00000180: a568 c894 27c2 9015 49bb 0147 c253 8e73  .h..'...I..G.S.s
00000190: 2fdd 90e1 6871 c692 1d67 5ebc a5f9 b8a1  /...hq...g^.....
000001a0: 3913 f073 1919 b628 9ae2 c1bf 15ee 493a  9..s...(......I:
000001b0: e375 4d23 71e0 4934 c7a2 15ff 985c a0ba  .uM#q.I4.....\..
000001c0: 9e65 d613 313d 7cef 512a 32bf 835e 50d6  .e..1=|.Q*2..^P.
000001d0: a54f 57ba bceb 6944 03c8 8a50 3542 9140  .OW...iD...P5B.@
000001e0: eb51 0f4c 8a23 9401 0246 0457 d1c0 c33e  .Q.L.#...F.W...>
000001f0: c328 2de7 3d1d 64be 4190 36b0 b803 4f80  .(-.=.d.A.6...O.
00000200: 40bc 3960 ac5e 13a9 3a77 0162 d662 7659  @.9`.^..:w.b.bvY
00000210: fdfd 9535 1188 8588 e8e5 a78d 9b24 c066  ...5.........$.f
00000220: 91c6 4212 fac6 4ed8 ce48 161f cc44 215f  ..B...N..H...D!_
00000230: 330c 5ed7 2709 e578 6efd 3775 c703 8aa1  3.^.'..xn.7u....
00000240: 10b6 2c5d 16bf f352 c7ff c5dc 914e 1424  ..,]...R.....N.$
00000250: 3311 ad4b 40d0 18b2 373c 0200 00         3..K@...7<...
bandit12@bandit:~$ cat /tmp/tmp.lcmOy1ykNP/data.txt | xxd -r > /tmp/tmp.lcmOy1ykNP/data
bandit12@bandit:~$ dir /tmp/tmp.lcmOy1ykNP
data  data.txt
bandit12@bandit:~$ file /tmp/tmp.lcmOy1ykNP/data
/tmp/tmp.lcmOy1ykNP/data: gzip compressed data, was "data2.bin", last modified: Tue Oct 14 09:26:00 2025, max compression, from Unix, original size modulo 2^32 572
bandit12@bandit:~$ mv /tmp/tmp.lcmOy1ykNP/data /tmp/tmp.lcmOy1ykNP/data.gz
bandit12@bandit:~$ gzip -d /tmp/tmp.lcmOy1ykNP/data.gz
bandit12@bandit:~$ file /tmp/tmp.lcmOy1ykNP/data
/tmp/tmp.lcmOy1ykNP/data: bzip2 compressed data, block size = 900k
bandit12@bandit:~$ bzip2 -d /tmp/tmp.lcmOy1ykNP/data
bzip2: Can't guess original name for /tmp/tmp.lcmOy1ykNP/data -- using /tmp/tmp.lcmOy1ykNP/data.out
bandit12@bandit:~$ dir /tmp/tmp.lcmOy1ykNP/
data.out  data.txt
bandit12@bandit:~$ file /tmp/tmp.lcmOy1ykNP/data.out
/tmp/tmp.lcmOy1ykNP/data.out: gzip compressed data, was "data4.bin", last modified: Tue Oct 14 09:26:00 2025, max compression, from Unix, original size modulo 2^32 20480
bandit12@bandit:~$ mv /tmp/tmp.lcmOy1ykNP/data.out /tmp/tmp.lcmOy1ykNP/data.gz
bandit12@bandit:~$ gzip -d /tmp/tmp.lcmOy1ykNP/data.gz
bandit12@bandit:~$ file data
data: cannot open `data' (No such file or directory)
bandit12@bandit:~$ file /tmp/tmp.lcmOy1ykNP/data
/tmp/tmp.lcmOy1ykNP/data: POSIX tar archive (GNU)
bandit12@bandit:~$ dir /tmp/tmp.lcmOy1ykNP/
data  data.txt
bandit12@bandit:~$ mv /tmp/tmp.lcmOy1ykNP/data /tmp/tmp.lcmOy1ykNP/data.tar
bandit12@bandit:~$ tar -xf /tmp/tmp.lcmOy1ykNP/data.tar
tar: data5.bin: Cannot open: Permission denied
tar: Exiting with failure status due to previous errors
bandit12@bandit:~$ cd /tmp/tmp.lcmOy1ykNP/
bandit12@bandit:/tmp/tmp.lcmOy1ykNP$ tar -xf /tmp/tmp.lcmOy1ykNP/data.tar
bandit12@bandit:/tmp/tmp.lcmOy1ykNP$ dir
data5.bin  data.tar  data.txt
bandit12@bandit:/tmp/tmp.lcmOy1ykNP$ file data5.bin
data5.bin: POSIX tar archive (GNU)
bandit12@bandit:/tmp/tmp.lcmOy1ykNP$ tar -xf /tmp/tmp.lcmOy1ykNP/data5.bin
bandit12@bandit:/tmp/tmp.lcmOy1ykNP$ dir
data5.bin  data6.bin  data.tar  data.txt
bandit12@bandit:/tmp/tmp.lcmOy1ykNP$ file data6.bin
data6.bin: bzip2 compressed data, block size = 900k
bandit12@bandit:/tmp/tmp.lcmOy1ykNP$ bunzip2 data6.bin
bunzip2: Can't guess original name for data6.bin -- using data6.bin.out
bandit12@bandit:/tmp/tmp.lcmOy1ykNP$ file data6.bin.out
data6.bin.out: POSIX tar archive (GNU)
bandit12@bandit:/tmp/tmp.lcmOy1ykNP$ tar -xf /tmp/tmp.lcmOy1ykNP/data6.bin.out
bandit12@bandit:/tmp/tmp.lcmOy1ykNP$ dir
data5.bin  data6.bin.out  data8.bin  data.tar  data.txt
bandit12@bandit:/tmp/tmp.lcmOy1ykNP$ file data8.bin
data8.bin: gzip compressed data, was "data9.bin", last modified: Tue Oct 14 09:26:00 2025, max compression, from Unix, original size modulo 2^32 49
bandit12@bandit:/tmp/tmp.lcmOy1ykNP$ mv data8.bin data8.gz
bandit12@bandit:/tmp/tmp.lcmOy1ykNP$ gunzip data8.gz
bandit12@bandit:/tmp/tmp.lcmOy1ykNP$ dir
data5.bin  data6.bin.out  data8  data.tar  data.txt
bandit12@bandit:/tmp/tmp.lcmOy1ykNP$ file data8
data8: ASCII text
bandit12@bandit:/tmp/tmp.lcmOy1ykNP$ cat data8
The password is FO5dwFsc0cbaIiH0h8J2eUks2vdTDwAn
____________

connect to bandit13 with given password


- Level 13

The password for the next level was a SSH key, which i had to use to get into bandit14

Output:

bandit13@bandit:~$ cat sshkey.private
-----BEGIN RSA PRIVATE KEY-----
OOGA BOOGA PRIVATE SSH KEY HERE
-----END RSA PRIVATE KEY-----
____________

connect to bandit14 with given ssh key


- Level 14

I had to explore a whole new dimension of windows commands, since i use a windows laptop
where i used the icalcs command to elevate permissions to the ssh key which i stored locally
on my pc, then i used that to connect into level 14. The password for next level was in 
/etc/bandit_pass/bandit14 which was accessed with no problems using cat.

Output:

:\Users\NEXT GEN\Desktop\Overthewire>ssh -i bandit.key bandit14@bandit.labs.overthewire.org -p 2220
                         _                     _ _ _
                        | |__   __ _ _ __   __| (_) |_
                        | '_ \ / _` | '_ \ / _` | | __|
                        | |_) | (_| | | | | (_| | | |_
                        |_.__/ \__,_|_| |_|\__,_|_|\__|


                      This is an OverTheWire game server.
            More information on http://www.overthewire.org/wargames

backend: gibson-0
Bad permissions. Try removing permissions for user: BUILTIN\\Users (S-1-5-32-545) on file C:/Users/NEXT GEN/Desktop/Overthewire/bandit.key.
@@@@@@@@@@@@@@@@@@@@@@@@@@@@@@@@@@@@@@@@@@@@@@@@@@@@@@@@@@@
@         WARNING: UNPROTECTED PRIVATE KEY FILE!          @
@@@@@@@@@@@@@@@@@@@@@@@@@@@@@@@@@@@@@@@@@@@@@@@@@@@@@@@@@@@
Permissions for 'bandit.key' are too open.
It is required that your private key files are NOT accessible by others.
This private key will be ignored.
Load key "bandit.key": bad permissions
bandit14@bandit.labs.overthewire.org's password:

C:\Users\NEXT GEN\Desktop\Overthewire>icacls .\bandit.key /inheritance:r
processed file: .\bandit.key
Successfully processed 1 files; Failed processing 0 files

C:\Users\NEXT GEN\Desktop\Overthewire>icacls .\bandit.key /grant:r "NEXt GEN":R
processed file: .\bandit.key
Successfully processed 1 files; Failed processing 0 files

C:\Users\NEXT GEN\Desktop\Overthewire>ssh -i bandit.key bandit14@bandit.labs.overthewire.org -p 2220

--- OTW logo and other misc info ---

bandit14@bandit:~$ cat /etc/bandit_pass/bandit14
MU4VWeTyJk8ROof1qqmcBPaLh7lDCPvS
____________


- Level 15

You cant directly connect to bandit15 with the above password, you must actually submit it to port 30000
on the bandit labs host, localhost in this case. So, nc (netcat) was used on localhost and given
port, submitted the password and got the next level password promptly.

Output:

bandit14@bandit:~$ cat /etc/bandit_pass/bandit14
MU4VWeTyJk8ROof1qqmcBPaLh7lDCPvS
bandit14@bandit:~$ nc localhost 30000
MU4VWeTyJk8ROof1qqmcBPaLh7lDCPvS
Correct!
8xCjnmgoKbGLhHFAZlGE5Tmu4M2tKJQo

^C
bandit14@bandit:~$
____________

connect to bandit15 with given password


- Level 16

Had to retrieve password from the port 30001 using SSL/TLS encryption. Used the openssl s_client
command to establish connection to the server and submitted the bandit15 password, to get the new
bandit16 password.

Output:

bandit15@bandit:~$ openssl s_client localhost:30001
CONNECTED(00000003)
Can't use SSL_get_servername
depth=0 CN = SnakeOil
verify error:num=18:self-signed certificate
verify return:1
depth=0 CN = SnakeOil
verify return:1
---
Certificate chain
 0 s:CN = SnakeOil
   i:CN = SnakeOil
   a:PKEY: rsaEncryption, 4096 (bit); sigalg: RSA-SHA256
   v:NotBefore: Jun 10 03:59:50 2024 GMT; NotAfter: Jun  8 03:59:50 2034 GMT
---
Server certificate
-----BEGIN CERTIFICATE-----
MIIFBzCCAu+gAwIBAgIUBLz7DBxA0IfojaL/WaJzE6Sbz7cwDQYJKoZIhvcNAQEL
BQAwEzERMA8GA1UEAwwgarbagevaluestoBG0LoEJi0C+UPwS8CDngJB4TyrZqEld3
rH87W+Et1t/Nepoc/Eoaux9PFp5VPXP+qwQGmhir/hv7OsgBhrkYuhkjxZ8+1uk7
tUWC/XM0mpLoxsq6vVl3AJaJe1ivdA9xLytsuG4iv02Juc593HXYR8yOpow0Eq2T
U5EyeuFg5RXYwAPi7ykw1PW7zAPL4MlonEVz+QXOSx6eyhimp1VZC11SCg==
-----END CERTIFICATE-----
subject=CN = SnakeOil
issuer=CN = SnakeOil
---
No client certificate CA names sent
Peer signing digest: SHA256
Peer signature type: RSA-PSS
Server Temp Key: X25519, 253 bits
---
SSL handshake has read 2103 bytes and written 373 bytes
Verification error: self-signed certificate
---
New, TLSv1.3, Cipher is TLS_AES_256_GCM_SHA384
Server public key is 4096 bit
Secure Renegotiation IS NOT supported
Compression: NONE
Expansion: NONE
No ALPN negotiated
Early data was not sent
Verify return code: 18 (self-signed certificate)
---
---
Post-Handshake New Session Ticket arrived:
SSL-Session:
    Protocol  : TLSv1.3
    Cipher    : TLS_AES_256_GCM_SHA384
    Session-ID: 999536378A81FEEB44F7D63A80871FBA933958CEF7BD535AC8CFB0222875499C
    Session-ID-ctx:
    Resumption PSK: A1E3C8C0C93104C5E6D34E1E70D4BCEC6940B6ECD753ABB9692ABE7CDCB42CBA5DC5CE13E47048A716956C1C9649D509
    PSK identity: None
    PSK identity hint: None
    SRP username: None
    TLS session ticket lifetime hint: 300 (seconds)
    TLS session ticket:
    0000 - 93 84 3e 4f 1d d6 83 ee-2d bc 61 e7 86 61 1e 88   ..>O....-.a..a..
    0010 - df d4 90 97 ea 28 c4 99-9b cb 8e 46 c7 f4 ab 97   .....(.....F....
    0020 - df e4 66 45 27 7d 35 f2-d0 de d8 2e c2 e6 15 93   ..fE'}5.........
    0030 - 36 64 e8 d0 f7 34 14 e1-0e 8a 4b b7 ed eb a9 74   6d...4....K....t
    0040 - bf 48 c6 e4 ad 38 8a 6b-94 e3 be c3 3a 38 8b 7e   .H...8.k....:8.~
    0050 - 66 c1 1d 32 8b 94 59 c7-3e 04 78 39 e6 5c 33 fd   f..2..Y.>.x9.\3.
    0060 - 08 69 75 a1 53 ed 1c 26-d1 d8 0b e6 7b cf 1b 67   .iu.S..&....{..g
    0070 - 59 4f 3a e2 27 17 c3 eb-c4 89 ef e4 e4 1b 95 69   YO:.'..........i
    0080 - b8 12 c8 5d 1f a8 f8 77-50 7c 47 61 f9 2b 90 91   ...]...wP|Ga.+..
    0090 - 05 a7 b9 f3 dd 76 ca a4-59 d8 5c 62 74 44 09 49   .....v..Y.\btD.I
    00a0 - 65 b0 a1 79 dd 21 e2 b1-44 31 c5 ef c4 e2 07 38   e..y.!..D1.....8
    00b0 - 07 6d ec a0 d8 63 01 0a-5f da f5 84 f3 5b 4e 49   .m...c.._....[NI
    00c0 - 9f 6b dc 3b ba c4 58 0e-9b 59 54 2d b9 68 41 97   .k.;..X..YT-.hA.
    00d0 - 95 2a 13 04 79 4f 14 e8-6e 5d 64 53 a5 39 0b e5   .*..yO..n]dS.9..

    Start Time: 1768646729
    Timeout   : 7200 (sec)
    Verify return code: 18 (self-signed certificate)
    Extended master secret: no
    Max Early Data: 0
---
read R BLOCK
---
Post-Handshake New Session Ticket arrived:
SSL-Session:
    Protocol  : TLSv1.3
    Cipher    : TLS_AES_256_GCM_SHA384
    Session-ID: B57C92D523671F3C6E1D19E559A151F4B843872D6D6E86C52D6ED7CF0C728061
    Session-ID-ctx:
    Resumption PSK: 2381CD81029F6C63A2DA40A19BA213AE8B9AF5FE2B2FBCCE19E3DFDB94C46B96B0E1DA1EB7E7E884FB99AF3A24DD2B61
    PSK identity: None
    PSK identity hint: None
    SRP username: None
    TLS session ticket lifetime hint: 300 (seconds)
    TLS session ticket:
    0000 - 93 84 3e 4f 1d d6 83 ee-2d bc 61 e7 86 61 1e 88   ..>O....-.a..a..
    0010 - d4 06 19 86 c0 06 ea d1-8e ce 07 16 be d7 f6 29   ...............)
    0020 - 3c ae 1d 07 e5 80 cc f7-e5 b3 87 b6 d7 83 fa 48   <..............H
    0030 - 4e e8 9f 37 b2 10 a7 97-1a b2 c7 93 c9 26 a4 9e   N..7.........&..
    0040 - f6 a7 9b 78 8d ad 51 e9-dc 71 69 6c cb 66 3c 18   ...x..Q..qil.f<.
    0050 - 18 bc dd 57 2e 00 7d d0-57 4b 1d d0 40 fa be 43   ...W..}.WK..@..C
    0060 - c4 51 59 9b 28 d2 c8 25-0d fd d0 4c 2b ef 53 3e   .QY.(..%...L+.S>
    0070 - 68 cc b3 d0 e8 42 fc b7-80 17 7b 5b 46 11 1a e2   h....B....{[F...
    0080 - 61 4e 9a c7 17 3e e6 ca-f3 f2 ea 07 8f 8f d4 9e   aN...>..........
    0090 - d0 e9 53 82 f9 19 01 c5-52 d7 6d 16 d8 6a 09 19   ..S.....R.m..j..
    00a0 - 2f bc 0e 52 7e 84 b7 92-95 14 bd f1 11 42 be 53   /..R~........B.S
    00b0 - d2 6c 1d 13 12 f2 94 14-92 30 60 91 f2 87 cb 41   .l.......0`....A
    00c0 - a8 e5 72 b1 f7 43 d2 40-d5 78 ea 30 27 e9 3b 69   ..r..C.@.x.0'.;i
    00d0 - b0 aa 29 b3 ec f6 3c cd-64 5d e4 4f 5e 6e 0e a5   ..)...<.d].O^n..

    Start Time: 1768646729
    Timeout   : 7200 (sec)
    Verify return code: 18 (self-signed certificate)
    Extended master secret: no
    Max Early Data: 0
---
read R BLOCK
8xCjnmgoKbGLhHFAZlGE5Tmu4M2tKJQo
Correct!
kSkvUpMQ7lBYyCM4GBPvCvT1BfWRy0Dx

closed
____________

connect to bandit16 using given password


- Level 17

Ran into a bit of a hurdle when the openssl server kept throwing KEYUPDATE message repeatedly,
solved it by using echo command to immediately send the password as soon as the connection is made
to avoid buffer, and it worked

Output:

bandit16@bandit:~$ nmap -sV -p 31046,31518,31691,31790,31960 localhost
Starting Nmap 7.94SVN ( https://nmap.org ) at 2026-01-17 11:14 UTC
Stats: 0:02:02 elapsed; 0 hosts completed (1 up), 1 undergoing Service Scan
Service scan Timing: About 80.00% done; ETC: 11:17 (0:00:31 remaining)
Nmap scan report for localhost (127.0.0.1)
Host is up (0.00013s latency).

PORT      STATE SERVICE     VERSION
31046/tcp open  echo
31518/tcp open  ssl/echo
31691/tcp open  echo
31790/tcp open  ssl/unknown
31960/tcp open  echo

bandit16@bandit:~$ echo "kSkvUpMQ7lBYyCM4GBPvCvT1BfWRy0Dx" | openssl s_client -connect localhost:31790 -quiet
Can't use SSL_get_servername
depth=0 CN = SnakeOil
verify error:num=18:self-signed certificate
verify return:1
depth=0 CN = SnakeOil
verify return:1
Correct!
-----BEGIN RSA PRIVATE KEY-----
woombaweembawoombeemba RSA key here
-----END RSA PRIVATE KEY-----
____________

connect to bandit17 with given key


- Level 18

Had to find the line which differed in the files passwords.old and passwords.new
Used the diff command

Output:

bandit17@bandit:~$ dir
passwords.new  passwords.old
bandit17@bandit:~$ diff passwords.old passwords.new
42c42
< BMIOFKM7CRSLI97voLp3TD80NAq5exxk
---
> x2gLTTjFwMOhQ8oWNbMN362QKxfRqGlO
____________

connect to bandit18 with given password


- Level 19

As we connect to bandit18, it immediately logs us out, since it seems the "bandit"
has modified the .bashrc file. Luckily its mentioned that the password is in the readme
file in home directory, so we just modify our ssh connection so it executes the cat command
instead of logging in.

Output:

PS C:\Users\NEXT GEN\Desktop\Overthewire> ssh bandit18@bandit.labs.overthewire.org -p 2220 "cat readme"
                         _                     _ _ _
                        | |__   __ _ _ __   __| (_) |_
                        | '_ \ / _` | '_ \ / _` | | __|
                        | |_) | (_| | | | | (_| | | |_
                        |_.__/ \__,_|_| |_|\__,_|_|\__|


                      This is an OverTheWire game server.
            More information on http://www.overthewire.org/wargames

backend: gibson-0
bandit18@bandit.labs.overthewire.org's password:
cGWpMaKXVwDUNgPAVJbWYuGHVn9zl3j8
____________

connect to bandit19 with given password


- Level 20

We are told to use the given setuid binary to then read the password inside
/etc/bandit_pass/bandit20

Output:

bandit19@bandit:~$ ./bandit20-do whoami
bandit20
bandit19@bandit:~$ ./bandit20-do cat /etc/bandit_pass/bandit20
0qXahG8ZjOVMN9Ghs7iOWsCfZyXOUbYO
____________

connect to bandit20 with given password


- Level 21

Had to use foreground and background tasks to run a listener and the client at the same time.
This concept is called Job control or Backgrounding. Made use of tmux to create two terminals
split in the same screen to create a listener and then use the binary to echo to the listener

Output:

bandit20@bandit:~$ nc -l -p 1222                                  │bandit20@bandit:~$ ./suconnect 1222
0qXahG8ZjOVMN9Ghs7iOWsCfZyXOUbYO                                  │0qXahG8ZjOVMN9Ghs7iOWsCfZyXOUbYO
EeoULMCra2q0dSkYj561DX7s1CpBuOBt                                  │Read: 0qXahG8ZjOVMN9Ghs7iOWsCfZyXOUbYO
bandit20@bandit:~$                                                │Password matches, sending next password
                                                                  │bandit20@bandit:~$

____________

connect to bandit21 using above password


- Level 22

Got introduced to automation and executing scheduled tasks via cron. Checked cron directory to find
the hidden job which was being executed every minute, and then used it to get the bandit password from
the /tmp/ directory according to its bash code

Output:

bandit21@bandit:~$ dir /etc/cron.d
behemoth4_cleanup  cronjob_bandit22  cronjob_bandit24  leviathan5_cleanup    otw-tmp-dir
clean_tmp          cronjob_bandit23  e2scrub_all       manpage3_resetpw_job  sysstat
bandit21@bandit:~$ cat /etc/cron.d/cronjob_bandit22
@reboot bandit22 /usr/bin/cronjob_bandit22.sh &> /dev/null
* * * * * bandit22 /usr/bin/cronjob_bandit22.sh &> /dev/null
bandit21@bandit:~$ cat /etc/cron.d/manpage3_resetpw_job
cat: /etc/cron.d/manpage3_resetpw_job: Permission denied
bandit21@bandit:~$ cat /usr/bin/cronjob_bandit22.sh
#!/bin/bash
chmod 644 /tmp/t7O6lds9S0RqQh9aMcz6ShpAoZKF7fgv
cat /etc/bandit_pass/bandit22 > /tmp/t7O6lds9S0RqQh9aMcz6ShpAoZKF7fgv
bandit21@bandit:~$ cat /tmp/t7O6lds9S0RqQh9aMcz6ShpAoZKF7fgv
tRae0UfB9v0UzbCdn9cY0gQnds9GF58Q
bandit21@bandit:~$ 
____________

connect to bandit22 with given password
